app/admin/attendance/page.tsx(703,29): error TS2769: No overload matches this call.
  Overload 1 of 2, '(props: Props, context?: any): string | number | bigint | boolean | ReactElement<unknown, string | JSXElementConstructor<any>> | Iterable<...> | Promise<...> | Component<...> | null | undefined', gave the following error.
    Object literal may only specify known properties, and 'textTransform' does not exist in type 'SVGProps<SVGTextElement> | ReactElement<unknown, string | JSXElementConstructor<any>> | ((props: XAxisTickContentProps) => ReactNode)'.
  Overload 2 of 2, '(props: Props): string | number | bigint | boolean | ReactElement<unknown, string | JSXElementConstructor<any>> | Iterable<ReactNode> | Promise<...> | Component<...> | null | undefined', gave the following error.
    Object literal may only specify known properties, and 'textTransform' does not exist in type 'SVGProps<SVGTextElement> | ReactElement<unknown, string | JSXElementConstructor<any>> | ((props: XAxisTickContentProps) => ReactNode)'.
app/admin/attendance/page.tsx(818,18): error TS2741: Property 'onChange' is missing in type '{ value: string; options: { label: string; value: string; }[]; }' but required in type 'AdminDropdownProps'.
app/admin/attendance/page.tsx(830,18): error TS2741: Property 'onChange' is missing in type '{ value: string; options: { label: string; value: string; }[]; }' but required in type 'AdminDropdownProps'.
