app/admin/attendance/page.tsx(37,27): error TS2307: Cannot find module '@/components/ui/AdminDropdown' or its corresponding type declarations.
app/admin/attendance/page.tsx(39,25): error TS2307: Cannot find module '@/lib/mockApi' or its corresponding type declarations.
app/admin/attendance/page.tsx(40,26): error TS2307: Cannot find module '@/components/ui/Toast' or its corresponding type declarations.
app/admin/attendance/page.tsx(41,19): error TS2307: Cannot find module '@/components/ui/Modal' or its corresponding type declarations.
app/admin/attendance/page.tsx(42,24): error TS2307: Cannot find module '@/components/ui/AdminInput' or its corresponding type declarations.
app/admin/attendance/page.tsx(43,29): error TS2307: Cannot find module '@/components/admin/AdminBreadcrumb' or its corresponding type declarations.
app/admin/attendance/page.tsx(196,5): error TS17004: Cannot use JSX unless the '--jsx' flag is provided.
app/admin/attendance/page.tsx(198,7): error TS17004: Cannot use JSX unless the '--jsx' flag is provided.
app/admin/attendance/page.tsx(199,9): error TS17004: Cannot use JSX unless the '--jsx' flag is provided.
app/admin/attendance/page.tsx(200,9): error TS17004: Cannot use JSX unless the '--jsx' flag is provided.
app/admin/attendance/page.tsx(201,11): error TS17004: Cannot use JSX unless the '--jsx' flag is provided.
app/admin/attendance/page.tsx(202,13): error TS17004: Cannot use JSX unless the '--jsx' flag is provided.
app/admin/attendance/page.tsx(205,13): error TS17004: Cannot use JSX unless the '--jsx' flag is provided.
app/admin/attendance/page.tsx(209,11): error TS17004: Cannot use JSX unless the '--jsx' flag is provided.
app/admin/attendance/page.tsx(210,13): error TS17004: Cannot use JSX unless the '--jsx' flag is provided.
app/admin/attendance/page.tsx(211,15): error TS17004: Cannot use JSX unless the '--jsx' flag is provided.
app/admin/attendance/page.tsx(212,15): error TS17004: Cannot use JSX unless the '--jsx' flag is provided.
app/admin/attendance/page.tsx(214,13): error TS17004: Cannot use JSX unless the '--jsx' flag is provided.
app/admin/attendance/page.tsx(218,15): error TS17004: Cannot use JSX unless the '--jsx' flag is provided.
app/admin/attendance/page.tsx(219,15): error TS17004: Cannot use JSX unless the '--jsx' flag is provided.
app/admin/attendance/page.tsx(226,7): error TS17004: Cannot use JSX unless the '--jsx' flag is provided.
app/admin/attendance/page.tsx(228,11): error TS17004: Cannot use JSX unless the '--jsx' flag is provided.
app/admin/attendance/page.tsx(239,13): error TS17004: Cannot use JSX unless the '--jsx' flag is provided.
app/admin/attendance/page.tsx(242,13): error TS17004: Cannot use JSX unless the '--jsx' flag is provided.
app/admin/attendance/page.tsx(243,15): error TS17004: Cannot use JSX unless the '--jsx' flag is provided.
app/admin/attendance/page.tsx(244,17): error TS17004: Cannot use JSX unless the '--jsx' flag is provided.
app/admin/attendance/page.tsx(247,19): error TS17004: Cannot use JSX unless the '--jsx' flag is provided.
app/admin/attendance/page.tsx(254,19): error TS17004: Cannot use JSX unless the '--jsx' flag is provided.
app/admin/attendance/page.tsx(259,15): error TS17004: Cannot use JSX unless the '--jsx' flag is provided.
app/admin/attendance/page.tsx(262,15): error TS17004: Cannot use JSX unless the '--jsx' flag is provided.
app/admin/attendance/page.tsx(263,17): error TS17004: Cannot use JSX unless the '--jsx' flag is provided.
app/admin/attendance/page.tsx(264,19): error TS17004: Cannot use JSX unless the '--jsx' flag is provided.
app/admin/attendance/page.tsx(267,19): error TS17004: Cannot use JSX unless the '--jsx' flag is provided.
app/admin/attendance/page.tsx(278,7): error TS17004: Cannot use JSX unless the '--jsx' flag is provided.
app/admin/attendance/page.tsx(280,9): error TS17004: Cannot use JSX unless the '--jsx' flag is provided.
app/admin/attendance/page.tsx(282,11): error TS17004: Cannot use JSX unless the '--jsx' flag is provided.
app/admin/attendance/page.tsx(283,13): error TS17004: Cannot use JSX unless the '--jsx' flag is provided.
app/admin/attendance/page.tsx(287,13): error TS17004: Cannot use JSX unless the '--jsx' flag is provided.
app/admin/attendance/page.tsx(297,11): error TS17004: Cannot use JSX unless the '--jsx' flag is provided.
app/admin/attendance/page.tsx(298,13): error TS17004: Cannot use JSX unless the '--jsx' flag is provided.
app/admin/attendance/page.tsx(309,13): error TS17004: Cannot use JSX unless the '--jsx' flag is provided.
app/admin/attendance/page.tsx(321,13): error TS17004: Cannot use JSX unless the '--jsx' flag is provided.
app/admin/attendance/page.tsx(333,13): error TS17004: Cannot use JSX unless the '--jsx' flag is provided.
app/admin/attendance/page.tsx(337,15): error TS17004: Cannot use JSX unless the '--jsx' flag is provided.
app/admin/attendance/page.tsx(338,15): error TS17004: Cannot use JSX unless the '--jsx' flag is provided.
app/admin/attendance/page.tsx(342,13): error TS17004: Cannot use JSX unless the '--jsx' flag is provided.
app/admin/attendance/page.tsx(346,15): error TS17004: Cannot use JSX unless the '--jsx' flag is provided.
app/admin/attendance/page.tsx(347,15): error TS17004: Cannot use JSX unless the '--jsx' flag is provided.
app/admin/attendance/page.tsx(351,13): error TS17004: Cannot use JSX unless the '--jsx' flag is provided.
app/admin/attendance/page.tsx(362,15): error TS17004: Cannot use JSX unless the '--jsx' flag is provided.
app/admin/attendance/page.tsx(363,15): error TS17004: Cannot use JSX unless the '--jsx' flag is provided.
app/admin/attendance/page.tsx(369,9): error TS17004: Cannot use JSX unless the '--jsx' flag is provided.
app/admin/attendance/page.tsx(370,11): error TS17004: Cannot use JSX unless the '--jsx' flag is provided.
app/admin/attendance/page.tsx(374,13): error TS17004: Cannot use JSX unless the '--jsx' flag is provided.
app/admin/attendance/page.tsx(378,13): error TS17004: Cannot use JSX unless the '--jsx' flag is provided.
app/admin/attendance/page.tsx(380,11): error TS17004: Cannot use JSX unless the '--jsx' flag is provided.
app/admin/attendance/page.tsx(384,13): error TS17004: Cannot use JSX unless the '--jsx' flag is provided.
app/admin/attendance/page.tsx(388,13): error TS17004: Cannot use JSX unless the '--jsx' flag is provided.
app/admin/attendance/page.tsx(394,7): error TS17004: Cannot use JSX unless the '--jsx' flag is provided.
app/admin/attendance/page.tsx(398,11): error TS17004: Cannot use JSX unless the '--jsx' flag is provided.
app/admin/attendance/page.tsx(404,13): error TS17004: Cannot use JSX unless the '--jsx' flag is provided.
app/admin/attendance/page.tsx(408,15): error TS17004: Cannot use JSX unless the '--jsx' flag is provided.
app/admin/attendance/page.tsx(410,17): error TS17004: Cannot use JSX unless the '--jsx' flag is provided.
app/admin/attendance/page.tsx(418,15): error TS17004: Cannot use JSX unless the '--jsx' flag is provided.
app/admin/attendance/page.tsx(420,17): error TS17004: Cannot use JSX unless the '--jsx' flag is provided.
app/admin/attendance/page.tsx(428,15): error TS17004: Cannot use JSX unless the '--jsx' flag is provided.
app/admin/attendance/page.tsx(430,17): error TS17004: Cannot use JSX unless the '--jsx' flag is provided.
app/admin/attendance/page.tsx(442,7): error TS17004: Cannot use JSX unless the '--jsx' flag is provided.
app/admin/attendance/page.tsx(444,11): error TS17004: Cannot use JSX unless the '--jsx' flag is provided.
app/admin/attendance/page.tsx(445,13): error TS17004: Cannot use JSX unless the '--jsx' flag is provided.
app/admin/attendance/page.tsx(446,15): error TS17004: Cannot use JSX unless the '--jsx' flag is provided.
app/admin/attendance/page.tsx(447,15): error TS17004: Cannot use JSX unless the '--jsx' flag is provided.
app/admin/attendance/page.tsx(449,13): error TS17004: Cannot use JSX unless the '--jsx' flag is provided.
app/admin/attendance/page.tsx(454,11): error TS17004: Cannot use JSX unless the '--jsx' flag is provided.
app/admin/attendance/page.tsx(455,13): error TS17004: Cannot use JSX unless the '--jsx' flag is provided.
app/admin/attendance/page.tsx(456,15): error TS17004: Cannot use JSX unless the '--jsx' flag is provided.
app/admin/attendance/page.tsx(457,17): error TS17004: Cannot use JSX unless the '--jsx' flag is provided.
app/admin/attendance/page.tsx(458,19): error TS17004: Cannot use JSX unless the '--jsx' flag is provided.
app/admin/attendance/page.tsx(461,19): error TS17004: Cannot use JSX unless the '--jsx' flag is provided.
app/admin/attendance/page.tsx(464,19): error TS17004: Cannot use JSX unless the '--jsx' flag is provided.
app/admin/attendance/page.tsx(467,19): error TS17004: Cannot use JSX unless the '--jsx' flag is provided.
app/admin/attendance/page.tsx(470,19): error TS17004: Cannot use JSX unless the '--jsx' flag is provided.
app/admin/attendance/page.tsx(475,15): error TS17004: Cannot use JSX unless the '--jsx' flag is provided.
app/admin/attendance/page.tsx(476,17): error TS17004: Cannot use JSX unless the '--jsx' flag is provided.
app/admin/attendance/page.tsx(478,21): error TS17004: Cannot use JSX unless the '--jsx' flag is provided.
app/admin/attendance/page.tsx(485,23): error TS17004: Cannot use JSX unless the '--jsx' flag is provided.
app/admin/attendance/page.tsx(486,25): error TS17004: Cannot use JSX unless the '--jsx' flag is provided.
app/admin/attendance/page.tsx(487,27): error TS17004: Cannot use JSX unless the '--jsx' flag is provided.
app/admin/attendance/page.tsx(488,29): error TS17004: Cannot use JSX unless the '--jsx' flag is provided.
app/admin/attendance/page.tsx(489,31): error TS17004: Cannot use JSX unless the '--jsx' flag is provided.
app/admin/attendance/page.tsx(496,29): error TS17004: Cannot use JSX unless the '--jsx' flag is provided.
app/admin/attendance/page.tsx(498,27): error TS17004: Cannot use JSX unless the '--jsx' flag is provided.
app/admin/attendance/page.tsx(499,29): error TS17004: Cannot use JSX unless the '--jsx' flag is provided.
app/admin/attendance/page.tsx(502,29): error TS17004: Cannot use JSX unless the '--jsx' flag is provided.
app/admin/attendance/page.tsx(508,23): error TS17004: Cannot use JSX unless the '--jsx' flag is provided.
app/admin/attendance/page.tsx(509,25): error TS17004: Cannot use JSX unless the '--jsx' flag is provided.
app/admin/attendance/page.tsx(510,27): error TS17004: Cannot use JSX unless the '--jsx' flag is provided.
app/admin/attendance/page.tsx(511,29): error TS17004: Cannot use JSX unless the '--jsx' flag is provided.
app/admin/attendance/page.tsx(512,31): error TS17004: Cannot use JSX unless the '--jsx' flag is provided.
app/admin/attendance/page.tsx(515,29): error TS17004: Cannot use JSX unless the '--jsx' flag is provided.
app/admin/attendance/page.tsx(516,31): error TS17004: Cannot use JSX unless the '--jsx' flag is provided.
app/admin/attendance/page.tsx(522,23): error TS17004: Cannot use JSX unless the '--jsx' flag is provided.
app/admin/attendance/page.tsx(523,25): error TS17004: Cannot use JSX unless the '--jsx' flag is provided.
app/admin/attendance/page.tsx(524,27): error TS17004: Cannot use JSX unless the '--jsx' flag is provided.
app/admin/attendance/page.tsx(525,29): error TS17004: Cannot use JSX unless the '--jsx' flag is provided.
app/admin/attendance/page.tsx(527,27): error TS17004: Cannot use JSX unless the '--jsx' flag is provided.
app/admin/attendance/page.tsx(532,23): error TS17004: Cannot use JSX unless the '--jsx' flag is provided.
app/admin/attendance/page.tsx(533,25): error TS17004: Cannot use JSX unless the '--jsx' flag is provided.
app/admin/attendance/page.tsx(534,27): error TS17004: Cannot use JSX unless the '--jsx' flag is provided.
app/admin/attendance/page.tsx(535,27): error TS17004: Cannot use JSX unless the '--jsx' flag is provided.
app/admin/attendance/page.tsx(536,29): error TS17004: Cannot use JSX unless the '--jsx' flag is provided.
app/admin/attendance/page.tsx(540,23): error TS17004: Cannot use JSX unless the '--jsx' flag is provided.
app/admin/attendance/page.tsx(541,25): error TS17004: Cannot use JSX unless the '--jsx' flag is provided.
app/admin/attendance/page.tsx(542,27): error TS17004: Cannot use JSX unless the '--jsx' flag is provided.
app/admin/attendance/page.tsx(546,29): error TS17004: Cannot use JSX unless the '--jsx' flag is provided.
app/admin/attendance/page.tsx(548,27): error TS17004: Cannot use JSX unless the '--jsx' flag is provided.
app/admin/attendance/page.tsx(552,29): error TS17004: Cannot use JSX unless the '--jsx' flag is provided.
app/admin/attendance/page.tsx(554,27): error TS17004: Cannot use JSX unless the '--jsx' flag is provided.
app/admin/attendance/page.tsx(555,27): error TS17004: Cannot use JSX unless the '--jsx' flag is provided.
app/admin/attendance/page.tsx(559,29): error TS17004: Cannot use JSX unless the '--jsx' flag is provided.
app/admin/attendance/page.tsx(572,9): error TS17004: Cannot use JSX unless the '--jsx' flag is provided.
app/admin/attendance/page.tsx(573,11): error TS17004: Cannot use JSX unless the '--jsx' flag is provided.
app/admin/attendance/page.tsx(574,13): error TS17004: Cannot use JSX unless the '--jsx' flag is provided.
app/admin/attendance/page.tsx(577,13): error TS17004: Cannot use JSX unless the '--jsx' flag is provided.
app/admin/attendance/page.tsx(578,15): error TS17004: Cannot use JSX unless the '--jsx' flag is provided.
app/admin/attendance/page.tsx(590,11): error TS17004: Cannot use JSX unless the '--jsx' flag is provided.
app/admin/attendance/page.tsx(591,13): error TS17004: Cannot use JSX unless the '--jsx' flag is provided.
app/admin/attendance/page.tsx(596,15): error TS17004: Cannot use JSX unless the '--jsx' flag is provided.
app/admin/attendance/page.tsx(598,13): error TS17004: Cannot use JSX unless the '--jsx' flag is provided.
app/admin/attendance/page.tsx(603,20): error TS17004: Cannot use JSX unless the '--jsx' flag is provided.
app/admin/attendance/page.tsx(610,7): error TS17004: Cannot use JSX unless the '--jsx' flag is provided.
app/admin/attendance/page.tsx(611,9): error TS17004: Cannot use JSX unless the '--jsx' flag is provided.
app/admin/attendance/page.tsx(615,11): error TS17004: Cannot use JSX unless the '--jsx' flag is provided.
app/admin/attendance/page.tsx(616,13): error TS17004: Cannot use JSX unless the '--jsx' flag is provided.
app/admin/attendance/page.tsx(619,15): error TS17004: Cannot use JSX unless the '--jsx' flag is provided.
app/admin/attendance/page.tsx(621,13): error TS17004: Cannot use JSX unless the '--jsx' flag is provided.
app/admin/attendance/page.tsx(622,15): error TS17004: Cannot use JSX unless the '--jsx' flag is provided.
app/admin/attendance/page.tsx(625,15): error TS17004: Cannot use JSX unless the '--jsx' flag is provided.
app/admin/attendance/page.tsx(630,11): error TS17004: Cannot use JSX unless the '--jsx' flag is provided.
app/admin/attendance/page.tsx(634,15): error TS17004: Cannot use JSX unless the '--jsx' flag is provided.
app/admin/attendance/page.tsx(636,15): error TS17004: Cannot use JSX unless the '--jsx' flag is provided.
app/admin/attendance/page.tsx(641,9): error TS17004: Cannot use JSX unless the '--jsx' flag is provided.
app/admin/attendance/page.tsx(643,13): error TS17004: Cannot use JSX unless the '--jsx' flag is provided.
app/admin/attendance/page.tsx(649,15): error TS17004: Cannot use JSX unless the '--jsx' flag is provided.
app/admin/attendance/page.tsx(651,17): error TS17004: Cannot use JSX unless the '--jsx' flag is provided.
app/admin/attendance/page.tsx(652,19): error TS17004: Cannot use JSX unless the '--jsx' flag is provided.
app/admin/attendance/page.tsx(653,21): error TS17004: Cannot use JSX unless the '--jsx' flag is provided.
app/admin/attendance/page.tsx(656,21): error TS17004: Cannot use JSX unless the '--jsx' flag is provided.
app/admin/attendance/page.tsx(657,23): error TS17004: Cannot use JSX unless the '--jsx' flag is provided.
app/admin/attendance/page.tsx(658,25): error TS17004: Cannot use JSX unless the '--jsx' flag is provided.
app/admin/attendance/page.tsx(661,23): error TS17004: Cannot use JSX unless the '--jsx' flag is provided.
app/admin/attendance/page.tsx(662,25): error TS17004: Cannot use JSX unless the '--jsx' flag is provided.
app/admin/attendance/page.tsx(667,19): error TS17004: Cannot use JSX unless the '--jsx' flag is provided.
app/admin/attendance/page.tsx(668,21): error TS17004: Cannot use JSX unless the '--jsx' flag is provided.
app/admin/attendance/page.tsx(669,23): error TS17004: Cannot use JSX unless the '--jsx' flag is provided.
app/admin/attendance/page.tsx(670,25): error TS17004: Cannot use JSX unless the '--jsx' flag is provided.
app/admin/attendance/page.tsx(671,27): error TS17004: Cannot use JSX unless the '--jsx' flag is provided.
app/admin/attendance/page.tsx(678,29): error TS17004: Cannot use JSX unless the '--jsx' flag is provided.
app/admin/attendance/page.tsx(683,29): error TS17004: Cannot use JSX unless the '--jsx' flag is provided.
app/admin/attendance/page.tsx(690,25): error TS17004: Cannot use JSX unless the '--jsx' flag is provided.
app/admin/attendance/page.tsx(695,25): error TS17004: Cannot use JSX unless the '--jsx' flag is provided.
app/admin/attendance/page.tsx(707,25): error TS17004: Cannot use JSX unless the '--jsx' flag is provided.
app/admin/attendance/page.tsx(716,25): error TS17004: Cannot use JSX unless the '--jsx' flag is provided.
app/admin/attendance/page.tsx(724,25): error TS17004: Cannot use JSX unless the '--jsx' flag is provided.
app/admin/attendance/page.tsx(732,25): error TS17004: Cannot use JSX unless the '--jsx' flag is provided.
app/admin/attendance/page.tsx(745,17): error TS17004: Cannot use JSX unless the '--jsx' flag is provided.
app/admin/attendance/page.tsx(746,19): error TS17004: Cannot use JSX unless the '--jsx' flag is provided.
app/admin/attendance/page.tsx(747,21): error TS17004: Cannot use JSX unless the '--jsx' flag is provided.
app/admin/attendance/page.tsx(750,21): error TS17004: Cannot use JSX unless the '--jsx' flag is provided.
app/admin/attendance/page.tsx(751,23): error TS17004: Cannot use JSX unless the '--jsx' flag is provided.
app/admin/attendance/page.tsx(752,25): error TS17004: Cannot use JSX unless the '--jsx' flag is provided.
app/admin/attendance/page.tsx(753,27): error TS17004: Cannot use JSX unless the '--jsx' flag is provided.
app/admin/attendance/page.tsx(763,31): error TS17004: Cannot use JSX unless the '--jsx' flag is provided.
app/admin/attendance/page.tsx(766,27): error TS17004: Cannot use JSX unless the '--jsx' flag is provided.
app/admin/attendance/page.tsx(770,21): error TS17004: Cannot use JSX unless the '--jsx' flag is provided.
app/admin/attendance/page.tsx(772,25): error TS17004: Cannot use JSX unless the '--jsx' flag is provided.
app/admin/attendance/page.tsx(773,27): error TS17004: Cannot use JSX unless the '--jsx' flag is provided.
app/admin/attendance/page.tsx(777,27): error TS17004: Cannot use JSX unless the '--jsx' flag is provided.
app/admin/attendance/page.tsx(794,7): error TS17004: Cannot use JSX unless the '--jsx' flag is provided.
app/admin/attendance/page.tsx(800,9): error TS17004: Cannot use JSX unless the '--jsx' flag is provided.
app/admin/attendance/page.tsx(801,11): error TS17004: Cannot use JSX unless the '--jsx' flag is provided.
app/admin/attendance/page.tsx(802,13): error TS17004: Cannot use JSX unless the '--jsx' flag is provided.
app/admin/attendance/page.tsx(804,11): error TS17004: Cannot use JSX unless the '--jsx' flag is provided.
app/admin/attendance/page.tsx(807,11): error TS17004: Cannot use JSX unless the '--jsx' flag is provided.
app/admin/attendance/page.tsx(811,11): error TS17004: Cannot use JSX unless the '--jsx' flag is provided.
app/admin/attendance/page.tsx(812,13): error TS17004: Cannot use JSX unless the '--jsx' flag is provided.
app/admin/attendance/page.tsx(813,13): error TS17004: Cannot use JSX unless the '--jsx' flag is provided.
app/admin/attendance/page.tsx(814,15): error TS17004: Cannot use JSX unless the '--jsx' flag is provided.
app/admin/attendance/page.tsx(815,17): error TS17004: Cannot use JSX unless the '--jsx' flag is provided.
app/admin/attendance/page.tsx(818,17): error TS17004: Cannot use JSX unless the '--jsx' flag is provided.
app/admin/attendance/page.tsx(827,15): error TS17004: Cannot use JSX unless the '--jsx' flag is provided.
app/admin/attendance/page.tsx(828,17): error TS17004: Cannot use JSX unless the '--jsx' flag is provided.
app/admin/attendance/page.tsx(831,17): error TS17004: Cannot use JSX unless the '--jsx' flag is provided.
app/admin/attendance/page.tsx(841,13): error TS17004: Cannot use JSX unless the '--jsx' flag is provided.
app/admin/attendance/page.tsx(842,15): error TS17004: Cannot use JSX unless the '--jsx' flag is provided.
app/admin/attendance/page.tsx(849,15): error TS17004: Cannot use JSX unless the '--jsx' flag is provided.
app/admin/attendance/page.tsx(858,7): error TS17004: Cannot use JSX unless the '--jsx' flag is provided.
app/admin/attendance/page.tsx(863,9): error TS17004: Cannot use JSX unless the '--jsx' flag is provided.
app/admin/attendance/page.tsx(864,11): error TS17004: Cannot use JSX unless the '--jsx' flag is provided.
app/admin/attendance/page.tsx(865,13): error TS17004: Cannot use JSX unless the '--jsx' flag is provided.
app/admin/attendance/page.tsx(867,11): error TS17004: Cannot use JSX unless the '--jsx' flag is provided.
app/admin/attendance/page.tsx(868,11): error TS17004: Cannot use JSX unless the '--jsx' flag is provided.
app/admin/attendance/page.tsx(872,11): error TS17004: Cannot use JSX unless the '--jsx' flag is provided.
app/admin/attendance/page.tsx(881,7): error TS17004: Cannot use JSX unless the '--jsx' flag is provided.
app/admin/attendance/page.tsx(886,9): error TS17004: Cannot use JSX unless the '--jsx' flag is provided.
app/admin/attendance/page.tsx(887,11): error TS17004: Cannot use JSX unless the '--jsx' flag is provided.
app/admin/attendance/page.tsx(888,13): error TS17004: Cannot use JSX unless the '--jsx' flag is provided.
app/admin/attendance/page.tsx(890,11): error TS17004: Cannot use JSX unless the '--jsx' flag is provided.
app/admin/attendance/page.tsx(893,11): error TS17004: Cannot use JSX unless the '--jsx' flag is provided.
app/admin/attendance/page.tsx(897,11): error TS17004: Cannot use JSX unless the '--jsx' flag is provided.
app/admin/attendance/page.tsx(907,7): error TS17004: Cannot use JSX unless the '--jsx' flag is provided.
app/admin/attendance/page.tsx(913,9): error TS17004: Cannot use JSX unless the '--jsx' flag is provided.
app/admin/attendance/page.tsx(914,11): error TS17004: Cannot use JSX unless the '--jsx' flag is provided.
app/admin/attendance/page.tsx(915,13): error TS17004: Cannot use JSX unless the '--jsx' flag is provided.
app/admin/attendance/page.tsx(916,15): error TS17004: Cannot use JSX unless the '--jsx' flag is provided.
app/admin/attendance/page.tsx(919,15): error TS17004: Cannot use JSX unless the '--jsx' flag is provided.
app/admin/attendance/page.tsx(925,13): error TS17004: Cannot use JSX unless the '--jsx' flag is provided.
app/admin/attendance/page.tsx(926,15): error TS17004: Cannot use JSX unless the '--jsx' flag is provided.
app/admin/attendance/page.tsx(929,15): error TS17004: Cannot use JSX unless the '--jsx' flag is provided.
app/admin/attendance/page.tsx(936,11): error TS17004: Cannot use JSX unless the '--jsx' flag is provided.
app/admin/attendance/page.tsx(937,13): error TS17004: Cannot use JSX unless the '--jsx' flag is provided.
app/admin/attendance/page.tsx(943,13): error TS17004: Cannot use JSX unless the '--jsx' flag is provided.
app/admin/attendance/page.tsx(954,7): error TS17004: Cannot use JSX unless the '--jsx' flag is provided.
app/admin/attendance/page.tsx(960,9): error TS17004: Cannot use JSX unless the '--jsx' flag is provided.
app/admin/attendance/page.tsx(961,11): error TS17004: Cannot use JSX unless the '--jsx' flag is provided.
app/admin/attendance/page.tsx(962,13): error TS17004: Cannot use JSX unless the '--jsx' flag is provided.
app/admin/attendance/page.tsx(963,13): error TS17004: Cannot use JSX unless the '--jsx' flag is provided.
app/admin/attendance/page.tsx(965,11): error TS17004: Cannot use JSX unless the '--jsx' flag is provided.
app/admin/attendance/page.tsx(966,13): error TS17004: Cannot use JSX unless the '--jsx' flag is provided.
app/admin/attendance/page.tsx(972,13): error TS17004: Cannot use JSX unless the '--jsx' flag is provided.
app/admin/attendance/page.tsx(1004,10): error TS17004: Cannot use JSX unless the '--jsx' flag is provided.
app/admin/attendance/page.tsx(1038,5): error TS17004: Cannot use JSX unless the '--jsx' flag is provided.
app/admin/attendance/page.tsx(1041,7): error TS17004: Cannot use JSX unless the '--jsx' flag is provided.
